
R version 4.0.3 (2020-10-10) -- "Bunny-Wunnies Freak Out"
Copyright (C) 2020 The R Foundation for Statistical Computing
Platform: x86_64-apple-darwin17.0 (64-bit)

R is free software and comes with ABSOLUTELY NO WARRANTY.
You are welcome to redistribute it under certain conditions.
Type 'license()' or 'licence()' for distribution details.

  Natural language support but running in an English locale

R is a collaborative project with many contributors.
Type 'contributors()' for more information and
'citation()' on how to cite R or R packages in publications.

Type 'demo()' for some demos, 'help()' for on-line help, or
'help.start()' for an HTML browser interface to help.
Type 'q()' to quit R.


> dim(available.packages())
[1] 16618    17
> sessionInfo()
R version 4.0.3 (2020-10-10)
Platform: x86_64-apple-darwin17.0 (64-bit)
Running under: macOS Catalina 10.15.7

Matrix products: default
BLAS:   /System/Library/Frameworks/Accelerate.framework/Versions/A/Frameworks/vecLib.framework/Versions/A/libBLAS.dylib
LAPACK: /Library/Frameworks/R.framework/Versions/4.0/Resources/lib/libRlapack.dylib

locale:
[1] en_US.UTF-8/en_US.UTF-8/en_US.UTF-8/C/en_US.UTF-8/en_US.UTF-8

attached base packages:
[1] stats     graphics  grDevices utils     datasets  methods   base     

loaded via a namespace (and not attached):
[1] compiler_4.0.3 tools_4.0.3   
> install.packages("stringr")
also installing the dependencies ‘glue’, ‘magrittr’, ‘stringi’


  There is a binary version available but the source version is
  later:
         binary source needs_compilation
magrittr    1.5  2.0.1              TRUE

Do you want to install from sources the package which needs compilation? (Yes/no/cancel) 
trying URL 'https://cran.rstudio.com/bin/macosx/contrib/4.0/glue_1.4.2.tgz'
Content type 'application/x-gzip' length 139018 bytes (135 KB)
==================================================
downloaded 135 KB

trying URL 'https://cran.rstudio.com/bin/macosx/contrib/4.0/stringi_1.5.3.tgz'
Content type 'application/x-gzip' length 13641892 bytes (13.0 MB)
==================================================
downloaded 13.0 MB

trying URL 'https://cran.rstudio.com/bin/macosx/contrib/4.0/stringr_1.4.0.tgz'
Content type 'application/x-gzip' length 210650 bytes (205 KB)
==================================================
downloaded 205 KB


The downloaded binary packages are in
	/var/folders/dp/7m7_53jd44s6fx8ww7st7t0h0000gn/T//Rtmp5nJbBN/downloaded_packages
installing the source package ‘magrittr’

trying URL 'https://cran.rstudio.com/src/contrib/magrittr_2.0.1.tar.gz'
Content type 'application/x-gzip' length 265580 bytes (259 KB)
==================================================
downloaded 259 KB

* installing *source* package ‘magrittr’ ...
** package ‘magrittr’ successfully unpacked and MD5 sums checked
** using staged installation
** libs
clang -I"/Library/Frameworks/R.framework/Resources/include" -DNDEBUG   -I/usr/local/include   -fPIC  -Wall -g -O2  -c pipe.c -o pipe.o
clang -I"/Library/Frameworks/R.framework/Resources/include" -DNDEBUG   -I/usr/local/include   -fPIC  -Wall -g -O2  -c utils.c -o utils.o
clang -dynamiclib -Wl,-headerpad_max_install_names -undefined dynamic_lookup -single_module -multiply_defined suppress -L/Library/Frameworks/R.framework/Resources/lib -L/usr/local/lib -o magrittr.so pipe.o utils.o -F/Library/Frameworks/R.framework/.. -framework R -Wl,-framework -Wl,CoreFoundation
installing to /Library/Frameworks/R.framework/Versions/4.0/Resources/library/00LOCK-magrittr/00new/magrittr/libs
** R
** inst
** byte-compile and prepare package for lazy loading
** help
*** installing help indices
*** copying figures
** building package indices
** installing vignettes
** testing if installed package can be loaded from temporary location
** checking absolute paths in shared objects and dynamic libraries
** testing if installed package can be loaded from final location
** testing if installed package keeps a record of temporary installation path
* DONE (magrittr)

The downloaded source packages are in
	‘/private/var/folders/dp/7m7_53jd44s6fx8ww7st7t0h0000gn/T/Rtmp5nJbBN/downloaded_packages’
> install.packages()
Warning in install.packages :
  unable to load shared object '/Library/Frameworks/R.framework/Resources/modules//R_X11.so':
  dlopen(/Library/Frameworks/R.framework/Resources/modules//R_X11.so, 6): Library not loaded: /opt/X11/lib/libSM.6.dylib
  Referenced from: /Library/Frameworks/R.framework/Versions/4.0/Resources/modules/R_X11.so
  Reason: image not found
Error in install.packages : no packages were specified
> installed.packages()
           Package     
base       "base"      
boot       "boot"      
class      "class"     
cluster    "cluster"   
codetools  "codetools" 
compiler   "compiler"  
datasets   "datasets"  
foreign    "foreign"   
glue       "glue"      
graphics   "graphics"  
grDevices  "grDevices" 
grid       "grid"      
KernSmooth "KernSmooth"
lattice    "lattice"   
magrittr   "magrittr"  
MASS       "MASS"      
Matrix     "Matrix"    
methods    "methods"   
mgcv       "mgcv"      
nlme       "nlme"      
nnet       "nnet"      
parallel   "parallel"  
rpart      "rpart"     
spatial    "spatial"   
splines    "splines"   
stats      "stats"     
stats4     "stats4"    
stringi    "stringi"   
stringr    "stringr"   
survival   "survival"  
tcltk      "tcltk"     
tools      "tools"     
utils      "utils"     
           LibPath                                                         
base       "/Library/Frameworks/R.framework/Versions/4.0/Resources/library"
boot       "/Library/Frameworks/R.framework/Versions/4.0/Resources/library"
class      "/Library/Frameworks/R.framework/Versions/4.0/Resources/library"
cluster    "/Library/Frameworks/R.framework/Versions/4.0/Resources/library"
codetools  "/Library/Frameworks/R.framework/Versions/4.0/Resources/library"
compiler   "/Library/Frameworks/R.framework/Versions/4.0/Resources/library"
datasets   "/Library/Frameworks/R.framework/Versions/4.0/Resources/library"
foreign    "/Library/Frameworks/R.framework/Versions/4.0/Resources/library"
glue       "/Library/Frameworks/R.framework/Versions/4.0/Resources/library"
graphics   "/Library/Frameworks/R.framework/Versions/4.0/Resources/library"
grDevices  "/Library/Frameworks/R.framework/Versions/4.0/Resources/library"
grid       "/Library/Frameworks/R.framework/Versions/4.0/Resources/library"
KernSmooth "/Library/Frameworks/R.framework/Versions/4.0/Resources/library"
lattice    "/Library/Frameworks/R.framework/Versions/4.0/Resources/library"
magrittr   "/Library/Frameworks/R.framework/Versions/4.0/Resources/library"
MASS       "/Library/Frameworks/R.framework/Versions/4.0/Resources/library"
Matrix     "/Library/Frameworks/R.framework/Versions/4.0/Resources/library"
methods    "/Library/Frameworks/R.framework/Versions/4.0/Resources/library"
mgcv       "/Library/Frameworks/R.framework/Versions/4.0/Resources/library"
nlme       "/Library/Frameworks/R.framework/Versions/4.0/Resources/library"
nnet       "/Library/Frameworks/R.framework/Versions/4.0/Resources/library"
parallel   "/Library/Frameworks/R.framework/Versions/4.0/Resources/library"
rpart      "/Library/Frameworks/R.framework/Versions/4.0/Resources/library"
spatial    "/Library/Frameworks/R.framework/Versions/4.0/Resources/library"
splines    "/Library/Frameworks/R.framework/Versions/4.0/Resources/library"
stats      "/Library/Frameworks/R.framework/Versions/4.0/Resources/library"
stats4     "/Library/Frameworks/R.framework/Versions/4.0/Resources/library"
stringi    "/Library/Frameworks/R.framework/Versions/4.0/Resources/library"
stringr    "/Library/Frameworks/R.framework/Versions/4.0/Resources/library"
survival   "/Library/Frameworks/R.framework/Versions/4.0/Resources/library"
tcltk      "/Library/Frameworks/R.framework/Versions/4.0/Resources/library"
tools      "/Library/Frameworks/R.framework/Versions/4.0/Resources/library"
utils      "/Library/Frameworks/R.framework/Versions/4.0/Resources/library"
           Version   Priority     
base       "4.0.3"   "base"       
boot       "1.3-25"  "recommended"
class      "7.3-17"  "recommended"
cluster    "2.1.0"   "recommended"
codetools  "0.2-16"  "recommended"
compiler   "4.0.3"   "base"       
datasets   "4.0.3"   "base"       
foreign    "0.8-80"  "recommended"
glue       "1.4.2"   NA           
graphics   "4.0.3"   "base"       
grDevices  "4.0.3"   "base"       
grid       "4.0.3"   "base"       
KernSmooth "2.23-17" "recommended"
lattice    "0.20-41" "recommended"
magrittr   "2.0.1"   NA           
MASS       "7.3-53"  "recommended"
Matrix     "1.2-18"  "recommended"
methods    "4.0.3"   "base"       
mgcv       "1.8-33"  "recommended"
nlme       "3.1-149" "recommended"
nnet       "7.3-14"  "recommended"
parallel   "4.0.3"   "base"       
rpart      "4.1-15"  "recommended"
spatial    "7.3-12"  "recommended"
splines    "4.0.3"   "base"       
stats      "4.0.3"   "base"       
stats4     "4.0.3"   "base"       
stringi    "1.5.3"   NA           
stringr    "1.4.0"   NA           
survival   "3.2-7"   "recommended"
tcltk      "4.0.3"   "base"       
tools      "4.0.3"   "base"       
utils      "4.0.3"   "base"       
           Depends                                          
base       NA                                               
boot       "R (>= 3.0.0), graphics, stats"                  
class      "R (>= 3.0.0), stats, utils"                     
cluster    "R (>= 3.3.0)"                                   
codetools  "R (>= 2.1)"                                     
compiler   NA                                               
datasets   NA                                               
foreign    "R (>= 4.0.0)"                                   
glue       "R (>= 3.2)"                                     
graphics   NA                                               
grDevices  NA                                               
grid       NA                                               
KernSmooth "R (>= 2.5.0), stats"                            
lattice    "R (>= 3.0.0)"                                   
magrittr   NA                                               
MASS       "R (>= 3.1.0), grDevices, graphics, stats, utils"
Matrix     "R (>= 3.2.0)"                                   
methods    NA                                               
mgcv       "R (>= 2.14.0), nlme (>= 3.1-64)"                
nlme       "R (>= 3.4.0)"                                   
nnet       "R (>= 3.0.0), stats, utils"                     
parallel   NA                                               
rpart      "R (>= 2.15.0), graphics, stats, grDevices"      
spatial    "R (>= 3.0.0), graphics, stats, utils"           
splines    NA                                               
stats      NA                                               
stats4     NA                                               
stringi    "R (>= 2.14)"                                    
stringr    "R (>= 3.1)"                                     
survival   "R (>= 3.4.0)"                                   
tcltk      NA                                               
tools      NA                                               
utils      NA                                               
           Imports                                            LinkingTo
base       NA                                                 NA       
boot       NA                                                 NA       
class      "MASS"                                             NA       
cluster    "graphics, grDevices, stats, utils"                NA       
codetools  NA                                                 NA       
compiler   NA                                                 NA       
datasets   NA                                                 NA       
foreign    "methods, utils, stats"                            NA       
glue       "methods"                                          NA       
graphics   "grDevices"                                        NA       
grDevices  NA                                                 NA       
grid       "grDevices, utils"                                 NA       
KernSmooth NA                                                 NA       
lattice    "grid, grDevices, graphics, stats, utils"          NA       
magrittr   NA                                                 NA       
MASS       "methods"                                          NA       
Matrix     "methods, graphics, grid, stats, utils, lattice"   NA       
methods    "utils, stats"                                     NA       
mgcv       "methods, stats, graphics, Matrix, splines, utils" NA       
nlme       "graphics, stats, utils, lattice"                  NA       
nnet       NA                                                 NA       
parallel   "tools, compiler"                                  NA       
rpart      NA                                                 NA       
spatial    NA                                                 NA       
splines    "graphics, stats"                                  NA       
stats      "utils, grDevices, graphics"                       NA       
stats4     "graphics, methods, stats"                         NA       
stringi    "tools, utils, stats"                              NA       
stringr    "glue (>= 1.2.0), magrittr, stringi (>= 1.1.7)"    NA       
survival   "graphics, Matrix, methods, splines, stats, utils" NA       
tcltk      "utils"                                            NA       
tools      NA                                                 NA       
utils      NA                                                 NA       
           Suggests                                                                                                                                                         
base       "methods"                                                                                                                                                        
boot       "MASS, survival"                                                                                                                                                 
class      NA                                                                                                                                                               
cluster    "MASS, Matrix"                                                                                                                                                   
codetools  NA                                                                                                                                                               
compiler   NA                                                                                                                                                               
datasets   NA                                                                                                                                                               
foreign    NA                                                                                                                                                               
glue       "testthat, covr, magrittr, crayon, knitr, rmarkdown, DBI,\nRSQLite, R.utils, forcats, microbenchmark, rprintf, stringr,\nggplot2, dplyr, withr, vctrs (>= 0.3.0)"
graphics   NA                                                                                                                                                               
grDevices  "KernSmooth"                                                                                                                                                     
grid       "lattice"                                                                                                                                                        
KernSmooth "MASS"                                                                                                                                                           
lattice    "KernSmooth, MASS, latticeExtra"                                                                                                                                 
magrittr   "covr, knitr, rlang, rmarkdown, testthat"                                                                                                                        
MASS       "lattice, nlme, nnet, survival"                                                                                                                                  
Matrix     "expm, MASS"                                                                                                                                                     
methods    "codetools"                                                                                                                                                      
mgcv       "parallel, survival, MASS"                                                                                                                                       
nlme       "Hmisc, MASS"                                                                                                                                                    
nnet       "MASS"                                                                                                                                                           
parallel   "methods"                                                                                                                                                        
rpart      "survival"                                                                                                                                                       
spatial    "MASS"                                                                                                                                                           
splines    "Matrix, methods"                                                                                                                                                
stats      "MASS, Matrix, SuppDists, methods, stats4"                                                                                                                       
stats4     NA                                                                                                                                                               
stringi    NA                                                                                                                                                               
stringr    "covr, htmltools, htmlwidgets, knitr, rmarkdown, testthat"                                                                                                       
survival   NA                                                                                                                                                               
tcltk      NA                                                                                                                                                               
tools      "codetools, methods, xml2, curl, commonmark"                                                                                                                     
utils      "methods, xml2, commonmark"                                                                                                                                      
           Enhances                               
base       NA                                     
boot       NA                                     
class      NA                                     
cluster    NA                                     
codetools  NA                                     
compiler   NA                                     
datasets   NA                                     
foreign    NA                                     
glue       NA                                     
graphics   NA                                     
grDevices  NA                                     
grid       NA                                     
KernSmooth NA                                     
lattice    "chron"                                
magrittr   NA                                     
MASS       NA                                     
Matrix     "MatrixModels, graph, SparseM, sfsmisc"
methods    NA                                     
mgcv       NA                                     
nlme       NA                                     
nnet       NA                                     
parallel   "snow, nws, Rmpi"                      
rpart      NA                                     
spatial    NA                                     
splines    NA                                     
stats      NA                                     
stats4     NA                                     
stringi    NA                                     
stringr    NA                                     
survival   NA                                     
tcltk      NA                                     
tools      NA                                     
utils      NA                                     
           License                     License_is_FOSS License_restricts_use
base       "Part of R 4.0.3"           NA              NA                   
boot       "Unlimited"                 NA              NA                   
class      "GPL-2 | GPL-3"             NA              NA                   
cluster    "GPL (>= 2)"                NA              NA                   
codetools  "GPL"                       NA              NA                   
compiler   "Part of R 4.0.3"           NA              NA                   
datasets   "Part of R 4.0.3"           NA              NA                   
foreign    "GPL (>= 2)"                NA              NA                   
glue       "MIT + file LICENSE"        NA              NA                   
graphics   "Part of R 4.0.3"           NA              NA                   
grDevices  "Part of R 4.0.3"           NA              NA                   
grid       "Part of R 4.0.3"           NA              NA                   
KernSmooth "Unlimited"                 NA              NA                   
lattice    "GPL (>= 2)"                NA              NA                   
magrittr   "MIT + file LICENSE"        NA              NA                   
MASS       "GPL-2 | GPL-3"             NA              NA                   
Matrix     "GPL (>= 2) | file LICENCE" NA              NA                   
methods    "Part of R 4.0.3"           NA              NA                   
mgcv       "GPL (>= 2)"                NA              NA                   
nlme       "GPL (>= 2) | file LICENCE" NA              NA                   
nnet       "GPL-2 | GPL-3"             NA              NA                   
parallel   "Part of R 4.0.3"           NA              NA                   
rpart      "GPL-2 | GPL-3"             NA              NA                   
spatial    "GPL-2 | GPL-3"             NA              NA                   
splines    "Part of R 4.0.3"           NA              NA                   
stats      "Part of R 4.0.3"           NA              NA                   
stats4     "Part of R 4.0.3"           NA              NA                   
stringi    "file LICENSE"              NA              NA                   
stringr    "GPL-2 | file LICENSE"      NA              NA                   
survival   "LGPL (>= 2)"               NA              NA                   
tcltk      "Part of R 4.0.3"           NA              NA                   
tools      "Part of R 4.0.3"           NA              NA                   
utils      "Part of R 4.0.3"           NA              NA                   
           OS_type MD5sum NeedsCompilation Built  
base       NA      NA     NA               "4.0.3"
boot       NA      NA     "no"             "4.0.3"
class      NA      NA     "yes"            "4.0.3"
cluster    NA      NA     "yes"            "4.0.3"
codetools  NA      NA     "no"             "4.0.3"
compiler   NA      NA     NA               "4.0.3"
datasets   NA      NA     NA               "4.0.3"
foreign    NA      NA     "yes"            "4.0.3"
glue       NA      NA     "yes"            "4.0.2"
graphics   NA      NA     "yes"            "4.0.3"
grDevices  NA      NA     "yes"            "4.0.3"
grid       NA      NA     "yes"            "4.0.3"
KernSmooth NA      NA     "yes"            "4.0.3"
lattice    NA      NA     "yes"            "4.0.3"
magrittr   NA      NA     "yes"            "4.0.3"
MASS       NA      NA     "yes"            "4.0.3"
Matrix     NA      NA     "yes"            "4.0.3"
methods    NA      NA     "yes"            "4.0.3"
mgcv       NA      NA     "yes"            "4.0.3"
nlme       NA      NA     "yes"            "4.0.3"
nnet       NA      NA     "yes"            "4.0.3"
parallel   NA      NA     "yes"            "4.0.3"
rpart      NA      NA     "yes"            "4.0.3"
spatial    NA      NA     "yes"            "4.0.3"
splines    NA      NA     "yes"            "4.0.3"
stats      NA      NA     "yes"            "4.0.3"
stats4     NA      NA     NA               "4.0.3"
stringi    NA      NA     "yes"            "4.0.2"
stringr    NA      NA     "no"             "4.0.2"
survival   NA      NA     "yes"            "4.0.3"
tcltk      NA      NA     "yes"            "4.0.3"
tools      NA      NA     "yes"            "4.0.3"
utils      NA      NA     "yes"            "4.0.3"
> library(stringr)
> search()
 [1] ".GlobalEnv"        "package:stringr"   "tools:rstudio"    
 [4] "package:stats"     "package:graphics"  "package:grDevices"
 [7] "package:utils"     "package:datasets"  "package:methods"  
[10] "Autoloads"         "package:base"     
> search() // 라이브러리 사용 가능 
Error: unexpected '/' in "search() //"
> search() # 라이브러리 사용 가능 
 [1] ".GlobalEnv"        "package:stringr"   "tools:rstudio"    
 [4] "package:stats"     "package:graphics"  "package:grDevices"
 [7] "package:utils"     "package:datasets"  "package:methods"  
[10] "Autoloads"         "package:base"     
> year <- 2020 
> year
[1] 2020
> name <- "R프로그래밍"
> name 
[1] "R프로그래밍"
> sports.time <- 90
> sports.number <- 11
> sports
Error: object 'sports' not found
> sports.name
Error: object 'sports.name' not found
> sports.name <- "football"
> sports.name
[1] "football"
> sports.number <- 11
> sports.time <- 90
> # exam002.txt 
> names <- c("파이썬", "자바", "빅데이터", "R프로그래밍")
> names
[1] "파이썬"      "자바"        "빅데이터"    "R프로그래밍"
> # exam003.txt 
> is.character(yesr)
Error: object 'yesr' not found
> # exam003.txt 
> is.character(year)
[1] FALSE
> # exam004.txt 
> value <- c(2, 3, 4)
> result <- as.numeric(value) * 3
> result
[1]  6  9 12
> # exam005.txt 
> animal <- c("토끼", "거북이", "토끼", "거북이", "토끼")
> Nanimal <- as.factor(animal)
> Nanimal
[1] 토끼   거북이 토끼   거북이 토끼  
Levels: 거북이 토끼
> table(Nanimal)
Nanimal
거북이   토끼 
     2      3 
> mode(Nanimal)
[1] "numeric"
> mode(Nanimal)
[1] "numeric"
> class(Nanimal)
[1] "factor"
> Oanimal <- factor(animal, levels = c("거북이", "토끼"), ordered = T)
> Oanimal
[1] 토끼   거북이 토끼   거북이 토끼  
Levels: 거북이 < 토끼
> par(mflow = c(1,2))
Warning message:
In par(mflow = c(1, 2)) : "mflow" is not a graphical parameter
> par(mfrow = c(1,2))
> plot(Nanimal)
> plot(Oanimal)
> # exam006.txt
> strptime("30-12-2020", format = ("%d-%m-%Y"))
[1] "2020-12-30 KST"
> # exam007.txt
> getwd()
[1] "/Users/jwh0728"
> setwd("/Users/jwh0728/Downloads/workspace_rstudio/rwork")
> value
[1] 2 3 4
> write.csv(value, "sample.csv")
> dir()
[1] "sample.csv"
> data <- read.csv("sample.csv", header = F)
> data
  V1 V2
1 NA  x
2  1  2
3  2  3
4  3  4
> 
